mode: set
github.com/treeforest/go-rabbitmq/config.go:68.50,74.19 5 1
github.com/treeforest/go-rabbitmq/config.go:74.19,76.3 1 1
github.com/treeforest/go-rabbitmq/config.go:77.2,77.24 1 1
github.com/treeforest/go-rabbitmq/config.go:77.24,79.3 1 1
github.com/treeforest/go-rabbitmq/config.go:80.2,80.28 1 1
github.com/treeforest/go-rabbitmq/config.go:80.28,82.3 1 1
github.com/treeforest/go-rabbitmq/config.go:83.2,83.29 1 1
github.com/treeforest/go-rabbitmq/config.go:83.29,85.3 1 1
github.com/treeforest/go-rabbitmq/config.go:86.2,86.29 1 1
github.com/treeforest/go-rabbitmq/config.go:86.29,88.3 1 1
github.com/treeforest/go-rabbitmq/config.go:89.2,89.27 1 1
github.com/treeforest/go-rabbitmq/config.go:89.27,91.3 1 1
github.com/treeforest/go-rabbitmq/config.go:92.2,92.23 1 1
github.com/treeforest/go-rabbitmq/config.go:92.23,94.3 1 1
github.com/treeforest/go-rabbitmq/config.go:96.2,96.17 1 1
github.com/treeforest/go-rabbitmq/config.go:100.29,102.2 1 1
github.com/treeforest/go-rabbitmq/options.go:59.52,60.36 1 1
github.com/treeforest/go-rabbitmq/options.go:60.36,62.3 1 1
github.com/treeforest/go-rabbitmq/options.go:66.50,67.36 1 1
github.com/treeforest/go-rabbitmq/options.go:67.36,68.26 1 1
github.com/treeforest/go-rabbitmq/options.go:68.26,70.4 1 0
github.com/treeforest/go-rabbitmq/options.go:71.3,71.28 1 1
github.com/treeforest/go-rabbitmq/options.go:76.59,77.36 1 1
github.com/treeforest/go-rabbitmq/options.go:77.36,78.24 1 1
github.com/treeforest/go-rabbitmq/options.go:78.24,80.4 1 0
github.com/treeforest/go-rabbitmq/options.go:81.3,81.26 1 1
github.com/treeforest/go-rabbitmq/options.go:81.26,83.4 1 0
github.com/treeforest/go-rabbitmq/options.go:84.3,84.35 1 1
github.com/treeforest/go-rabbitmq/options.go:84.35,86.4 1 1
github.com/treeforest/go-rabbitmq/options.go:91.50,92.36 1 1
github.com/treeforest/go-rabbitmq/options.go:92.36,94.3 1 1
github.com/treeforest/go-rabbitmq/options.go:98.64,103.27 2 1
github.com/treeforest/go-rabbitmq/options.go:103.27,104.17 1 1
github.com/treeforest/go-rabbitmq/options.go:104.17,105.12 1 1
github.com/treeforest/go-rabbitmq/options.go:107.3,107.12 1 1
github.com/treeforest/go-rabbitmq/options.go:109.2,109.12 1 1
github.com/treeforest/go-rabbitmq/options.go:113.81,117.22 3 1
github.com/treeforest/go-rabbitmq/options.go:117.22,119.3 1 1
github.com/treeforest/go-rabbitmq/options.go:120.2,120.27 1 1
github.com/treeforest/go-rabbitmq/options.go:120.27,122.3 1 1
github.com/treeforest/go-rabbitmq/options.go:123.2,123.29 1 1
github.com/treeforest/go-rabbitmq/options.go:123.29,125.3 1 1
github.com/treeforest/go-rabbitmq/options.go:126.2,126.24 1 1
github.com/treeforest/go-rabbitmq/options.go:126.24,128.3 1 1
github.com/treeforest/go-rabbitmq/options.go:129.2,129.26 1 1
github.com/treeforest/go-rabbitmq/options.go:129.26,131.3 1 1
github.com/treeforest/go-rabbitmq/options.go:132.2,132.26 1 1
github.com/treeforest/go-rabbitmq/options.go:132.26,134.3 1 1
github.com/treeforest/go-rabbitmq/options.go:136.2,136.46 1 1
github.com/treeforest/go-rabbitmq/options.go:136.46,138.56 2 1
github.com/treeforest/go-rabbitmq/options.go:138.56,140.4 1 1
github.com/treeforest/go-rabbitmq/options.go:141.3,141.32 1 1
github.com/treeforest/go-rabbitmq/options.go:144.2,144.18 1 1
github.com/treeforest/go-rabbitmq/options.go:149.61,150.22 1 1
github.com/treeforest/go-rabbitmq/options.go:150.22,152.3 1 1
github.com/treeforest/go-rabbitmq/options.go:153.2,153.39 1 1
github.com/treeforest/go-rabbitmq/options.go:153.39,155.3 1 1
github.com/treeforest/go-rabbitmq/options.go:157.2,157.54 1 1
github.com/treeforest/go-rabbitmq/options.go:157.54,158.17 1 1
github.com/treeforest/go-rabbitmq/options.go:158.17,160.4 1 1
github.com/treeforest/go-rabbitmq/options.go:161.3,161.70 1 1
github.com/treeforest/go-rabbitmq/options.go:161.70,163.4 1 1
github.com/treeforest/go-rabbitmq/options.go:165.2,165.12 1 1
github.com/treeforest/go-rabbitmq/rabbitmq.go:81.45,83.16 2 0
github.com/treeforest/go-rabbitmq/rabbitmq.go:83.16,85.3 1 0
github.com/treeforest/go-rabbitmq/rabbitmq.go:87.2,88.16 2 0
github.com/treeforest/go-rabbitmq/rabbitmq.go:88.16,90.3 1 0
github.com/treeforest/go-rabbitmq/rabbitmq.go:92.2,93.16 2 0
github.com/treeforest/go-rabbitmq/rabbitmq.go:93.16,96.3 2 0
github.com/treeforest/go-rabbitmq/rabbitmq.go:97.2,97.97 1 0
github.com/treeforest/go-rabbitmq/rabbitmq.go:97.97,101.3 3 0
github.com/treeforest/go-rabbitmq/rabbitmq.go:102.2,102.49 1 0
github.com/treeforest/go-rabbitmq/rabbitmq.go:102.49,106.3 3 0
github.com/treeforest/go-rabbitmq/rabbitmq.go:108.2,119.8 1 0
github.com/treeforest/go-rabbitmq/rabbitmq.go:126.83,127.18 1 1
github.com/treeforest/go-rabbitmq/rabbitmq.go:127.18,129.3 1 1
github.com/treeforest/go-rabbitmq/rabbitmq.go:130.2,130.19 1 1
github.com/treeforest/go-rabbitmq/rabbitmq.go:130.19,132.3 1 1
github.com/treeforest/go-rabbitmq/rabbitmq.go:135.2,136.16 2 0
github.com/treeforest/go-rabbitmq/rabbitmq.go:136.16,138.3 1 0
github.com/treeforest/go-rabbitmq/rabbitmq.go:139.2,139.66 1 0
github.com/treeforest/go-rabbitmq/rabbitmq.go:139.66,141.3 1 0
github.com/treeforest/go-rabbitmq/rabbitmq.go:144.2,145.16 2 0
github.com/treeforest/go-rabbitmq/rabbitmq.go:145.16,147.3 1 0
github.com/treeforest/go-rabbitmq/rabbitmq.go:148.2,148.15 1 0
github.com/treeforest/go-rabbitmq/rabbitmq.go:148.15,150.3 1 0
github.com/treeforest/go-rabbitmq/rabbitmq.go:153.2,153.63 1 0
github.com/treeforest/go-rabbitmq/rabbitmq.go:153.63,155.3 1 0
github.com/treeforest/go-rabbitmq/rabbitmq.go:156.2,156.12 1 0
github.com/treeforest/go-rabbitmq/rabbitmq.go:160.108,161.18 1 1
github.com/treeforest/go-rabbitmq/rabbitmq.go:161.18,163.3 1 1
github.com/treeforest/go-rabbitmq/rabbitmq.go:165.2,166.16 2 1
github.com/treeforest/go-rabbitmq/rabbitmq.go:166.16,168.3 1 0
github.com/treeforest/go-rabbitmq/rabbitmq.go:170.2,171.25 2 1
github.com/treeforest/go-rabbitmq/rabbitmq.go:171.25,173.3 1 1
github.com/treeforest/go-rabbitmq/rabbitmq.go:175.2,183.107 2 1
github.com/treeforest/go-rabbitmq/rabbitmq.go:183.107,185.3 1 1
github.com/treeforest/go-rabbitmq/rabbitmq.go:187.2,194.12 2 1
github.com/treeforest/go-rabbitmq/rabbitmq.go:198.111,199.20 1 1
github.com/treeforest/go-rabbitmq/rabbitmq.go:199.20,201.3 1 0
github.com/treeforest/go-rabbitmq/rabbitmq.go:202.2,202.18 1 1
github.com/treeforest/go-rabbitmq/rabbitmq.go:202.18,204.3 1 1
github.com/treeforest/go-rabbitmq/rabbitmq.go:205.2,205.19 1 1
github.com/treeforest/go-rabbitmq/rabbitmq.go:205.19,207.3 1 1
github.com/treeforest/go-rabbitmq/rabbitmq.go:209.2,210.16 2 0
github.com/treeforest/go-rabbitmq/rabbitmq.go:210.16,212.3 1 0
github.com/treeforest/go-rabbitmq/rabbitmq.go:213.2,213.58 1 0
github.com/treeforest/go-rabbitmq/rabbitmq.go:213.58,215.3 1 0
github.com/treeforest/go-rabbitmq/rabbitmq.go:217.2,218.16 2 0
github.com/treeforest/go-rabbitmq/rabbitmq.go:218.16,220.3 1 0
github.com/treeforest/go-rabbitmq/rabbitmq.go:221.2,221.62 1 0
github.com/treeforest/go-rabbitmq/rabbitmq.go:221.62,224.3 2 0
github.com/treeforest/go-rabbitmq/rabbitmq.go:226.2,236.16 4 0
github.com/treeforest/go-rabbitmq/rabbitmq.go:236.16,240.3 3 0
github.com/treeforest/go-rabbitmq/rabbitmq.go:242.2,243.14 2 0
github.com/treeforest/go-rabbitmq/rabbitmq.go:243.14,248.3 4 0
github.com/treeforest/go-rabbitmq/rabbitmq.go:249.2,261.17 5 0
github.com/treeforest/go-rabbitmq/rabbitmq.go:265.32,267.14 2 0
github.com/treeforest/go-rabbitmq/rabbitmq.go:267.14,270.3 2 0
github.com/treeforest/go-rabbitmq/rabbitmq.go:271.2,274.26 3 0
github.com/treeforest/go-rabbitmq/rabbitmq.go:274.26,276.3 1 0
github.com/treeforest/go-rabbitmq/rabbitmq.go:277.2,280.27 3 0
github.com/treeforest/go-rabbitmq/rabbitmq.go:280.27,282.25 2 0
github.com/treeforest/go-rabbitmq/rabbitmq.go:282.25,284.4 1 0
github.com/treeforest/go-rabbitmq/rabbitmq.go:286.2,293.60 6 0
github.com/treeforest/go-rabbitmq/rabbitmq.go:293.60,295.3 1 0
github.com/treeforest/go-rabbitmq/rabbitmq.go:296.2,296.12 1 0
github.com/treeforest/go-rabbitmq/rabbitmq.go:300.57,301.16 1 0
github.com/treeforest/go-rabbitmq/rabbitmq.go:301.16,303.3 1 0
github.com/treeforest/go-rabbitmq/rabbitmq.go:305.2,306.24 2 0
github.com/treeforest/go-rabbitmq/rabbitmq.go:306.24,308.3 1 0
github.com/treeforest/go-rabbitmq/rabbitmq.go:309.2,309.22 1 0
github.com/treeforest/go-rabbitmq/rabbitmq.go:309.22,311.3 1 0
github.com/treeforest/go-rabbitmq/rabbitmq.go:313.2,313.9 1 0
github.com/treeforest/go-rabbitmq/rabbitmq.go:314.16,315.13 1 0
github.com/treeforest/go-rabbitmq/rabbitmq.go:316.20,317.84 1 0
github.com/treeforest/go-rabbitmq/rabbitmq.go:322.38,324.19 2 1
github.com/treeforest/go-rabbitmq/rabbitmq.go:324.19,325.25 1 1
github.com/treeforest/go-rabbitmq/rabbitmq.go:325.25,327.4 1 1
github.com/treeforest/go-rabbitmq/rabbitmq.go:328.3,328.20 1 1
github.com/treeforest/go-rabbitmq/rabbitmq.go:328.20,330.4 1 0
github.com/treeforest/go-rabbitmq/rabbitmq.go:333.2,334.18 2 1
github.com/treeforest/go-rabbitmq/rabbitmq.go:334.18,336.3 1 0
github.com/treeforest/go-rabbitmq/rabbitmq.go:338.2,338.9 1 1
github.com/treeforest/go-rabbitmq/rabbitmq.go:339.16,340.22 1 1
github.com/treeforest/go-rabbitmq/rabbitmq.go:340.22,342.4 1 0
github.com/treeforest/go-rabbitmq/rabbitmq.go:343.3,343.13 1 1
github.com/treeforest/go-rabbitmq/rabbitmq.go:344.29,345.42 1 1
github.com/treeforest/go-rabbitmq/rabbitmq.go:345.42,347.4 1 0
github.com/treeforest/go-rabbitmq/rabbitmq.go:348.3,348.22 1 1
github.com/treeforest/go-rabbitmq/rabbitmq.go:348.22,350.4 1 0
github.com/treeforest/go-rabbitmq/rabbitmq.go:351.3,351.77 1 1
github.com/treeforest/go-rabbitmq/rabbitmq.go:355.47,359.22 3 1
github.com/treeforest/go-rabbitmq/rabbitmq.go:359.22,361.3 1 0
github.com/treeforest/go-rabbitmq/rabbitmq.go:362.2,362.85 1 1
github.com/treeforest/go-rabbitmq/rabbitmq.go:362.85,364.3 1 0
github.com/treeforest/go-rabbitmq/rabbitmq.go:365.2,365.12 1 1
github.com/treeforest/go-rabbitmq/rabbitmq.go:368.45,372.22 3 1
github.com/treeforest/go-rabbitmq/rabbitmq.go:372.22,374.3 1 1
github.com/treeforest/go-rabbitmq/rabbitmq.go:375.2,377.12 3 1
github.com/treeforest/go-rabbitmq/rabbitmq.go:380.41,382.20 2 0
github.com/treeforest/go-rabbitmq/rabbitmq.go:382.20,384.3 1 0
github.com/treeforest/go-rabbitmq/rabbitmq.go:386.2,390.3 2 0
github.com/treeforest/go-rabbitmq/rabbitmq.go:394.65,396.2 1 0
github.com/treeforest/go-rabbitmq/rabbitmq.go:401.102,402.9 1 0
github.com/treeforest/go-rabbitmq/rabbitmq.go:403.20,404.79 1 0
github.com/treeforest/go-rabbitmq/rabbitmq.go:405.10,405.10 0 0
github.com/treeforest/go-rabbitmq/rabbitmq.go:409.2,409.72 1 0
github.com/treeforest/go-rabbitmq/rabbitmq.go:409.72,411.3 1 0
github.com/treeforest/go-rabbitmq/rabbitmq.go:412.2,412.91 1 0
github.com/treeforest/go-rabbitmq/rabbitmq.go:412.91,414.3 1 0
github.com/treeforest/go-rabbitmq/rabbitmq.go:415.2,415.89 1 0
github.com/treeforest/go-rabbitmq/rabbitmq.go:415.89,417.3 1 0
github.com/treeforest/go-rabbitmq/rabbitmq.go:420.2,420.87 1 0
github.com/treeforest/go-rabbitmq/rabbitmq.go:420.87,422.3 1 0
github.com/treeforest/go-rabbitmq/rabbitmq.go:425.2,426.16 2 0
github.com/treeforest/go-rabbitmq/rabbitmq.go:426.16,428.3 1 0
github.com/treeforest/go-rabbitmq/rabbitmq.go:429.2,434.93 3 0
github.com/treeforest/go-rabbitmq/rabbitmq.go:434.93,436.3 1 0
github.com/treeforest/go-rabbitmq/rabbitmq.go:439.2,440.80 2 0
github.com/treeforest/go-rabbitmq/rabbitmq.go:440.80,442.3 1 0
github.com/treeforest/go-rabbitmq/rabbitmq.go:445.2,445.46 1 0
github.com/treeforest/go-rabbitmq/rabbitmq.go:445.46,446.86 1 0
github.com/treeforest/go-rabbitmq/rabbitmq.go:446.86,448.4 1 0
github.com/treeforest/go-rabbitmq/rabbitmq.go:449.3,449.105 1 0
github.com/treeforest/go-rabbitmq/rabbitmq.go:449.105,451.4 1 0
github.com/treeforest/go-rabbitmq/rabbitmq.go:452.3,452.96 1 0
github.com/treeforest/go-rabbitmq/rabbitmq.go:452.96,454.4 1 0
github.com/treeforest/go-rabbitmq/rabbitmq.go:456.2,456.12 1 0
github.com/treeforest/go-rabbitmq/rabbitmq.go:466.3,467.15 1 1
github.com/treeforest/go-rabbitmq/rabbitmq.go:467.15,474.3 5 1
github.com/treeforest/go-rabbitmq/rabbitmq.go:476.2,476.6 1 1
github.com/treeforest/go-rabbitmq/rabbitmq.go:476.6,477.10 1 1
github.com/treeforest/go-rabbitmq/rabbitmq.go:478.21,479.10 1 0
github.com/treeforest/go-rabbitmq/rabbitmq.go:480.37,481.11 1 1
github.com/treeforest/go-rabbitmq/rabbitmq.go:481.11,483.5 1 1
github.com/treeforest/go-rabbitmq/rabbitmq.go:484.4,485.73 2 1
github.com/treeforest/go-rabbitmq/rabbitmq.go:485.73,494.5 1 1
github.com/treeforest/go-rabbitmq/rabbitmq.go:500.87,501.34 1 1
github.com/treeforest/go-rabbitmq/rabbitmq.go:501.34,503.3 1 0
github.com/treeforest/go-rabbitmq/rabbitmq.go:504.2,508.17 2 1
github.com/treeforest/go-rabbitmq/rabbitmq.go:511.67,515.2 3 1
github.com/treeforest/go-rabbitmq/rabbitmq.go:517.77,521.2 3 1
github.com/treeforest/go-rabbitmq/rabbitmq.go:523.69,527.2 3 0
github.com/treeforest/go-rabbitmq/rabbitmq.go:530.124,536.16 3 1
github.com/treeforest/go-rabbitmq/rabbitmq.go:536.16,537.51 1 1
github.com/treeforest/go-rabbitmq/rabbitmq.go:537.51,539.4 1 0
github.com/treeforest/go-rabbitmq/rabbitmq.go:540.3,540.13 1 1
github.com/treeforest/go-rabbitmq/rabbitmq.go:544.2,544.22 1 1
github.com/treeforest/go-rabbitmq/rabbitmq.go:544.22,545.60 1 1
github.com/treeforest/go-rabbitmq/rabbitmq.go:545.60,547.4 1 0
github.com/treeforest/go-rabbitmq/rabbitmq.go:548.3,548.71 1 1
github.com/treeforest/go-rabbitmq/rabbitmq.go:552.2,552.76 1 1
github.com/treeforest/go-rabbitmq/rabbitmq.go:552.76,554.3 1 1
github.com/treeforest/go-rabbitmq/rabbitmq.go:556.2,556.12 1 0
github.com/treeforest/go-rabbitmq/rabbitmq.go:560.124,567.39 3 1
github.com/treeforest/go-rabbitmq/rabbitmq.go:567.39,569.3 1 1
github.com/treeforest/go-rabbitmq/rabbitmq.go:572.2,573.101 2 1
github.com/treeforest/go-rabbitmq/rabbitmq.go:573.101,574.60 1 1
github.com/treeforest/go-rabbitmq/rabbitmq.go:574.60,581.4 1 0
github.com/treeforest/go-rabbitmq/rabbitmq.go:582.3,582.110 1 1
github.com/treeforest/go-rabbitmq/rabbitmq.go:586.2,586.50 1 1
github.com/treeforest/go-rabbitmq/rabbitmq.go:586.50,588.3 1 0
github.com/treeforest/go-rabbitmq/rabbitmq.go:589.2,589.69 1 1
github.com/treeforest/go-rabbitmq/rabbitmq.go:592.133,596.18 3 1
github.com/treeforest/go-rabbitmq/rabbitmq.go:596.18,598.3 1 0
github.com/treeforest/go-rabbitmq/rabbitmq.go:599.2,599.24 1 1
github.com/treeforest/go-rabbitmq/rabbitmq.go:599.24,601.3 1 1
github.com/treeforest/go-rabbitmq/rabbitmq.go:602.2,602.78 1 1
github.com/treeforest/go-rabbitmq/rabbitmq.go:606.79,612.2 1 0
github.com/treeforest/go-rabbitmq/rabbitmq.go:617.133,618.16 1 0
github.com/treeforest/go-rabbitmq/rabbitmq.go:618.16,620.3 1 0
github.com/treeforest/go-rabbitmq/rabbitmq.go:621.2,621.19 1 0
github.com/treeforest/go-rabbitmq/rabbitmq.go:621.19,625.3 3 0
github.com/treeforest/go-rabbitmq/rabbitmq.go:627.2,630.16 3 0
github.com/treeforest/go-rabbitmq/rabbitmq.go:630.16,632.3 1 0
github.com/treeforest/go-rabbitmq/rabbitmq.go:633.2,633.20 1 0
github.com/treeforest/go-rabbitmq/rabbitmq.go:633.20,635.3 1 0
github.com/treeforest/go-rabbitmq/rabbitmq.go:637.2,638.16 2 0
github.com/treeforest/go-rabbitmq/rabbitmq.go:638.16,640.3 1 0
github.com/treeforest/go-rabbitmq/rabbitmq.go:641.2,641.50 1 0
github.com/treeforest/go-rabbitmq/rabbitmq.go:641.50,643.3 1 0
github.com/treeforest/go-rabbitmq/rabbitmq.go:644.2,644.12 1 0
github.com/treeforest/go-rabbitmq/rabbitmq.go:644.12,646.3 1 0
github.com/treeforest/go-rabbitmq/rabbitmq.go:647.2,647.12 1 0
github.com/treeforest/go-rabbitmq/rabbitmq.go:651.40,652.6 1 1
github.com/treeforest/go-rabbitmq/rabbitmq.go:652.6,653.10 1 1
github.com/treeforest/go-rabbitmq/rabbitmq.go:654.29,655.11 1 1
github.com/treeforest/go-rabbitmq/rabbitmq.go:655.11,657.5 1 1
github.com/treeforest/go-rabbitmq/rabbitmq.go:658.11,659.10 1 1
github.com/treeforest/go-rabbitmq/rabbitmq.go:665.52,666.9 1 1
github.com/treeforest/go-rabbitmq/rabbitmq.go:667.35,668.10 1 1
github.com/treeforest/go-rabbitmq/rabbitmq.go:668.10,670.4 1 1
github.com/treeforest/go-rabbitmq/rabbitmq.go:671.3,671.19 1 1
github.com/treeforest/go-rabbitmq/rabbitmq.go:672.10,673.13 1 1
github.com/treeforest/go-rabbitmq/rabbitmq.go:678.53,686.2 1 1
github.com/treeforest/go-rabbitmq/rabbitmq.go:689.72,692.21 3 1
github.com/treeforest/go-rabbitmq/rabbitmq.go:692.21,694.3 1 1
github.com/treeforest/go-rabbitmq/rabbitmq.go:696.2,704.3 1 1
github.com/treeforest/go-rabbitmq/rabbitmq.go:708.85,726.2 3 1
github.com/treeforest/go-rabbitmq/rabbitmq.go:729.68,731.22 2 1
github.com/treeforest/go-rabbitmq/rabbitmq.go:731.22,733.3 1 1
github.com/treeforest/go-rabbitmq/rabbitmq.go:734.2,734.44 1 1
github.com/treeforest/go-rabbitmq/rabbitmq.go:734.44,736.3 1 1
github.com/treeforest/go-rabbitmq/rabbitmq.go:737.2,737.24 1 1
github.com/treeforest/go-rabbitmq/rabbitmq.go:742.48,744.2 1 1
github.com/treeforest/go-rabbitmq/rabbitmq.go:748.46,750.2 1 1
github.com/treeforest/go-rabbitmq/rabbitmq.go:754.63,756.2 1 1
github.com/treeforest/go-rabbitmq/rabbitmq.go:760.35,762.2 1 1
github.com/treeforest/go-rabbitmq/rabbitmq.go:765.58,767.23 2 1
github.com/treeforest/go-rabbitmq/rabbitmq.go:767.23,769.3 1 1
github.com/treeforest/go-rabbitmq/rabbitmq.go:770.2,770.34 1 1
github.com/treeforest/go-rabbitmq/rabbitmq.go:770.34,772.3 1 0
github.com/treeforest/go-rabbitmq/rabbitmq.go:773.2,773.33 1 1
github.com/treeforest/go-rabbitmq/rabbitmq.go:777.59,779.34 2 1
github.com/treeforest/go-rabbitmq/rabbitmq.go:779.34,781.3 1 0
github.com/treeforest/go-rabbitmq/rabbitmq.go:782.2,782.14 1 1
github.com/treeforest/go-rabbitmq/rabbitmq.go:786.57,788.32 2 1
github.com/treeforest/go-rabbitmq/rabbitmq.go:788.32,789.32 1 1
github.com/treeforest/go-rabbitmq/rabbitmq.go:790.15,791.24 1 1
github.com/treeforest/go-rabbitmq/rabbitmq.go:792.15,793.32 1 1
github.com/treeforest/go-rabbitmq/rabbitmq.go:794.21,795.33 1 0
github.com/treeforest/go-rabbitmq/rabbitmq.go:796.11,797.36 1 1
github.com/treeforest/go-rabbitmq/rabbitmq.go:800.2,800.16 1 1
github.com/treeforest/go-rabbitmq/rabbitmq.go:804.46,806.32 2 1
github.com/treeforest/go-rabbitmq/rabbitmq.go:806.32,808.3 1 1
github.com/treeforest/go-rabbitmq/rabbitmq.go:809.2,809.15 1 1
github.com/treeforest/go-rabbitmq/rabbitmq.go:813.50,815.9 2 1
github.com/treeforest/go-rabbitmq/rabbitmq.go:815.9,817.3 1 1
github.com/treeforest/go-rabbitmq/rabbitmq.go:819.2,819.31 1 1
github.com/treeforest/go-rabbitmq/rabbitmq.go:820.11,821.15 1 0
github.com/treeforest/go-rabbitmq/rabbitmq.go:822.12,823.20 1 0
github.com/treeforest/go-rabbitmq/rabbitmq.go:824.13,825.20 1 0
github.com/treeforest/go-rabbitmq/rabbitmq.go:826.13,827.20 1 1
github.com/treeforest/go-rabbitmq/rabbitmq.go:828.13,829.20 1 1
github.com/treeforest/go-rabbitmq/rabbitmq.go:830.14,831.20 1 0
github.com/treeforest/go-rabbitmq/rabbitmq.go:832.14,833.20 1 0
github.com/treeforest/go-rabbitmq/rabbitmq.go:834.14,836.17 2 1
github.com/treeforest/go-rabbitmq/rabbitmq.go:836.17,838.4 1 1
github.com/treeforest/go-rabbitmq/rabbitmq.go:839.3,839.16 1 1
github.com/treeforest/go-rabbitmq/rabbitmq.go:840.10,841.11 1 0
github.com/treeforest/go-rabbitmq/rabbitmq.go:846.57,847.19 1 1
github.com/treeforest/go-rabbitmq/rabbitmq.go:847.19,849.3 1 0
github.com/treeforest/go-rabbitmq/rabbitmq.go:850.2,851.50 2 1
github.com/treeforest/go-rabbitmq/rabbitmq.go:851.50,853.3 1 0
github.com/treeforest/go-rabbitmq/rabbitmq.go:854.2,854.61 1 1
github.com/treeforest/go-rabbitmq/rabbitmq.go:854.61,856.3 1 0
github.com/treeforest/go-rabbitmq/rabbitmq.go:857.2,857.12 1 1
github.com/treeforest/go-rabbitmq/rabbitmq.go:861.35,863.2 1 0
github.com/treeforest/go-rabbitmq/rabbitmq.go:866.34,870.2 3 1
